// Jest Snapshot v1, https://goo.gl/fbAQLP

exports[`Header matches the snapshot 1`] = `
ShallowWrapper {
  "length": 1,
  Symbol(enzyme.__root__): [Circular],
  Symbol(enzyme.__unrendered__): <Header />,
  Symbol(enzyme.__renderer__): Object {
    "batchedUpdates": [Function],
    "getNode": [Function],
    "render": [Function],
    "simulateEvent": [Function],
    "unmount": [Function],
  },
  Symbol(enzyme.__node__): Object {
    "instance": null,
    "key": undefined,
    "nodeType": "host",
    "props": Object {
      "children": Array [
        <NavLink
          activeClassName="active"
          ariaCurrent="true"
          to="/"
>
          Movies
</NavLink>,
        <NavLink
          activeClassName="active"
          ariaCurrent="true"
          to="/favorites"
>
          Favorites
</NavLink>,
        <NavLink
          activeClassName="active"
          ariaCurrent="true"
          to="/login"
>
          LogIn
</NavLink>,
        <NavLink
          activeClassName="active"
          ariaCurrent="true"
          to="/signup"
>
          SignUp
</NavLink>,
      ],
    },
    "ref": null,
    "rendered": Array [
      Object {
        "instance": null,
        "key": undefined,
        "nodeType": "function",
        "props": Object {
          "activeClassName": "active",
          "ariaCurrent": "true",
          "children": "Movies",
          "to": "/",
        },
        "ref": null,
        "rendered": "Movies",
        "type": [Function],
      },
      Object {
        "instance": null,
        "key": undefined,
        "nodeType": "function",
        "props": Object {
          "activeClassName": "active",
          "ariaCurrent": "true",
          "children": "Favorites",
          "to": "/favorites",
        },
        "ref": null,
        "rendered": "Favorites",
        "type": [Function],
      },
      Object {
        "instance": null,
        "key": undefined,
        "nodeType": "function",
        "props": Object {
          "activeClassName": "active",
          "ariaCurrent": "true",
          "children": "LogIn",
          "to": "/login",
        },
        "ref": null,
        "rendered": "LogIn",
        "type": [Function],
      },
      Object {
        "instance": null,
        "key": undefined,
        "nodeType": "function",
        "props": Object {
          "activeClassName": "active",
          "ariaCurrent": "true",
          "children": "SignUp",
          "to": "/signup",
        },
        "ref": null,
        "rendered": "SignUp",
        "type": [Function],
      },
    ],
    "type": "header",
  },
  Symbol(enzyme.__nodes__): Array [
    Object {
      "instance": null,
      "key": undefined,
      "nodeType": "host",
      "props": Object {
        "children": Array [
          <NavLink
            activeClassName="active"
            ariaCurrent="true"
            to="/"
>
            Movies
</NavLink>,
          <NavLink
            activeClassName="active"
            ariaCurrent="true"
            to="/favorites"
>
            Favorites
</NavLink>,
          <NavLink
            activeClassName="active"
            ariaCurrent="true"
            to="/login"
>
            LogIn
</NavLink>,
          <NavLink
            activeClassName="active"
            ariaCurrent="true"
            to="/signup"
>
            SignUp
</NavLink>,
        ],
      },
      "ref": null,
      "rendered": Array [
        Object {
          "instance": null,
          "key": undefined,
          "nodeType": "function",
          "props": Object {
            "activeClassName": "active",
            "ariaCurrent": "true",
            "children": "Movies",
            "to": "/",
          },
          "ref": null,
          "rendered": "Movies",
          "type": [Function],
        },
        Object {
          "instance": null,
          "key": undefined,
          "nodeType": "function",
          "props": Object {
            "activeClassName": "active",
            "ariaCurrent": "true",
            "children": "Favorites",
            "to": "/favorites",
          },
          "ref": null,
          "rendered": "Favorites",
          "type": [Function],
        },
        Object {
          "instance": null,
          "key": undefined,
          "nodeType": "function",
          "props": Object {
            "activeClassName": "active",
            "ariaCurrent": "true",
            "children": "LogIn",
            "to": "/login",
          },
          "ref": null,
          "rendered": "LogIn",
          "type": [Function],
        },
        Object {
          "instance": null,
          "key": undefined,
          "nodeType": "function",
          "props": Object {
            "activeClassName": "active",
            "ariaCurrent": "true",
            "children": "SignUp",
            "to": "/signup",
          },
          "ref": null,
          "rendered": "SignUp",
          "type": [Function],
        },
      ],
      "type": "header",
    },
  ],
  Symbol(enzyme.__options__): Object {
    "adapter": ReactSixteenAdapter {
      "options": Object {
        "enableComponentDidUpdateOnSetState": true,
      },
    },
  },
}
`;
