// Jest Snapshot v1, https://goo.gl/fbAQLP

exports[`Favorites matches the snapshot 1`] = `
ShallowWrapper {
  "length": 1,
  Symbol(enzyme.__root__): [Circular],
  Symbol(enzyme.__unrendered__): <Favorites
    favorites={
        Array [
            Object {
              "favorite": false,
              "image": "http://image.tmdb.org/t/p/original/7WsyChQLEftFiDOVTGkv3hFpyyt.jpg",
              "movieId": 299536,
              "rating": 8.6,
              "releaseDate": "2018-04-25",
              "title": "Avengers: Infinity War",
            },
            Object {
              "favorite": false,
              "image": "http://image.tmdb.org/t/p/original/30oXQKwibh0uANGMs0Sytw3uN22.jpg",
              "movieId": 427641,
              "rating": 5.9,
              "releaseDate": "2018-04-12",
              "title": "Rampage",
            },
            Object {
              "favorite": false,
              "image": "http://image.tmdb.org/t/p/original/pU1ULUq8D3iRxl1fdX2lZIzdHuI.jpg",
              "movieId": 333339,
              "rating": 7.8,
              "releaseDate": "2018-03-28",
              "title": "Ready Player One",
            },
            Object {
              "favorite": false,
              "image": "http://image.tmdb.org/t/p/original/85R8LMyn9f2Lev2YPBF8Nughrkv.jpg",
              "movieId": 445571,
              "rating": 7.1,
              "releaseDate": "2018-02-22",
              "title": "Game Night",
            },
            Object {
              "favorite": false,
              "image": "http://image.tmdb.org/t/p/original/vLCogyfQGxVLDC1gqUdNAIkc29L.jpg",
              "movieId": 401981,
              "rating": 6.5,
              "releaseDate": "2018-03-01",
              "title": "Red Sparrow",
            },
            Object {
              "favorite": false,
              "image": "http://image.tmdb.org/t/p/original/nAU74GmpUk7t5iklEp3bufwDq4n.jpg",
              "movieId": 447332,
              "rating": 7.3,
              "releaseDate": "2018-04-05",
              "title": "A Quiet Place",
            },
            Object {
              "favorite": false,
              "image": "http://image.tmdb.org/t/p/original/rDeGK6FIUfVcXmuBdEORPAGPMNg.jpg",
              "movieId": 399035,
              "rating": 5.8,
              "releaseDate": "2018-01-11",
              "title": "The Commuter",
            },
            Object {
              "favorite": false,
              "image": "http://image.tmdb.org/t/p/original/bXrZ5iHBEjH7WMidbUDQ0U2xbmr.jpg",
              "movieId": 353486,
              "rating": 6.6,
              "releaseDate": "2017-12-09",
              "title": "Jumanji: Welcome to the Jungle",
            },
            Object {
              "favorite": false,
              "image": "http://image.tmdb.org/t/p/original/qRmQazyIBZR4pQIk9VruiZul0Au.jpg",
              "movieId": 476926,
              "rating": 5.5,
              "releaseDate": "2018-03-30",
              "title": "The Titan",
            },
            Object {
              "favorite": false,
              "image": "http://image.tmdb.org/t/p/original/xhBTO9n3fxy3HJt7WlR9h9vvVmk.jpg",
              "movieId": 396806,
              "rating": 6,
              "releaseDate": "2018-05-03",
              "title": "Anon",
            },
            Object {
              "favorite": false,
              "image": "http://image.tmdb.org/t/p/original/qxJQ0VBCuJkJhJmuWzxI408ngwd.jpg",
              "movieId": 453201,
              "rating": 5.1,
              "releaseDate": "2018-02-02",
              "title": "The 15:17 to Paris",
            },
            Object {
              "favorite": false,
              "image": "http://image.tmdb.org/t/p/original/j18021qCeRi3yUBtqd2UFj1c0RQ.jpg",
              "movieId": 429351,
              "rating": 4.8,
              "releaseDate": "2018-01-18",
              "title": "12 Strong",
            },
            Object {
              "favorite": false,
              "image": "http://image.tmdb.org/t/p/original/rqoezyB51GfhiloOB5ZErg5HXas.jpg",
              "movieId": 384680,
              "rating": 6.4,
              "releaseDate": "2017-12-22",
              "title": "Hostiles",
            },
            Object {
              "favorite": false,
              "image": "http://image.tmdb.org/t/p/original/AfybH6GbGFw1F9bcETe2yu25mIE.jpg",
              "movieId": 449443,
              "rating": 6.4,
              "releaseDate": "2018-01-18",
              "title": "Den of Thieves",
            },
            Object {
              "favorite": false,
              "image": "http://image.tmdb.org/t/p/original/cx0LpfM6Drla8uzFfMT09uqKPRu.jpg",
              "movieId": 437557,
              "rating": 6.5,
              "releaseDate": "2018-03-30",
              "title": "Blockers",
            },
            Object {
              "favorite": false,
              "image": "http://image.tmdb.org/t/p/original/h4XG3g6uMMPIBPjAoQhC2QIMdkl.jpg",
              "movieId": 446354,
              "rating": 7,
              "releaseDate": "2018-01-11",
              "title": "The Post",
            },
            Object {
              "favorite": false,
              "image": "http://image.tmdb.org/t/p/original/zbvziwnZa91AJD78Si0hUb5JP5X.jpg",
              "movieId": 460019,
              "rating": 6.1,
              "releaseDate": "2018-04-12",
              "title": "Truth or Dare",
            },
            Object {
              "favorite": false,
              "image": "http://image.tmdb.org/t/p/original/h9hUP5ZJGsjL2wbERrGlj4dMjZq.jpg",
              "movieId": 396371,
              "rating": 7,
              "releaseDate": "2017-12-21",
              "title": "Molly's Game",
            },
            Object {
              "favorite": false,
              "image": "http://image.tmdb.org/t/p/original/v5HlmJK9bdeHxN2QhaFP1ivjX3U.jpg",
              "movieId": 268896,
              "rating": 5.9,
              "releaseDate": "2018-03-21",
              "title": "Pacific Rim: Uprising",
            },
            Object {
              "favorite": false,
              "image": "http://image.tmdb.org/t/p/original/d3qcpfNwbAMCNqWDHzPQsUYiUgS.jpg",
              "movieId": 300668,
              "rating": 6.3,
              "releaseDate": "2018-02-22",
              "title": "Annihilation",
            },
          ]
    }
/>,
  Symbol(enzyme.__renderer__): Object {
    "batchedUpdates": [Function],
    "getNode": [Function],
    "render": [Function],
    "simulateEvent": [Function],
    "unmount": [Function],
  },
  Symbol(enzyme.__node__): Object {
    "instance": null,
    "key": undefined,
    "nodeType": "host",
    "props": Object {
      "children": Array [
        <Connect(Card)
          favorite={false}
          image="http://image.tmdb.org/t/p/original/7WsyChQLEftFiDOVTGkv3hFpyyt.jpg"
          movieId={299536}
          rating={8.6}
          releaseDate="2018-04-25"
          title="Avengers: Infinity War"
/>,
        <Connect(Card)
          favorite={false}
          image="http://image.tmdb.org/t/p/original/30oXQKwibh0uANGMs0Sytw3uN22.jpg"
          movieId={427641}
          rating={5.9}
          releaseDate="2018-04-12"
          title="Rampage"
/>,
        <Connect(Card)
          favorite={false}
          image="http://image.tmdb.org/t/p/original/pU1ULUq8D3iRxl1fdX2lZIzdHuI.jpg"
          movieId={333339}
          rating={7.8}
          releaseDate="2018-03-28"
          title="Ready Player One"
/>,
        <Connect(Card)
          favorite={false}
          image="http://image.tmdb.org/t/p/original/85R8LMyn9f2Lev2YPBF8Nughrkv.jpg"
          movieId={445571}
          rating={7.1}
          releaseDate="2018-02-22"
          title="Game Night"
/>,
        <Connect(Card)
          favorite={false}
          image="http://image.tmdb.org/t/p/original/vLCogyfQGxVLDC1gqUdNAIkc29L.jpg"
          movieId={401981}
          rating={6.5}
          releaseDate="2018-03-01"
          title="Red Sparrow"
/>,
        <Connect(Card)
          favorite={false}
          image="http://image.tmdb.org/t/p/original/nAU74GmpUk7t5iklEp3bufwDq4n.jpg"
          movieId={447332}
          rating={7.3}
          releaseDate="2018-04-05"
          title="A Quiet Place"
/>,
        <Connect(Card)
          favorite={false}
          image="http://image.tmdb.org/t/p/original/rDeGK6FIUfVcXmuBdEORPAGPMNg.jpg"
          movieId={399035}
          rating={5.8}
          releaseDate="2018-01-11"
          title="The Commuter"
/>,
        <Connect(Card)
          favorite={false}
          image="http://image.tmdb.org/t/p/original/bXrZ5iHBEjH7WMidbUDQ0U2xbmr.jpg"
          movieId={353486}
          rating={6.6}
          releaseDate="2017-12-09"
          title="Jumanji: Welcome to the Jungle"
/>,
        <Connect(Card)
          favorite={false}
          image="http://image.tmdb.org/t/p/original/qRmQazyIBZR4pQIk9VruiZul0Au.jpg"
          movieId={476926}
          rating={5.5}
          releaseDate="2018-03-30"
          title="The Titan"
/>,
        <Connect(Card)
          favorite={false}
          image="http://image.tmdb.org/t/p/original/xhBTO9n3fxy3HJt7WlR9h9vvVmk.jpg"
          movieId={396806}
          rating={6}
          releaseDate="2018-05-03"
          title="Anon"
/>,
        <Connect(Card)
          favorite={false}
          image="http://image.tmdb.org/t/p/original/qxJQ0VBCuJkJhJmuWzxI408ngwd.jpg"
          movieId={453201}
          rating={5.1}
          releaseDate="2018-02-02"
          title="The 15:17 to Paris"
/>,
        <Connect(Card)
          favorite={false}
          image="http://image.tmdb.org/t/p/original/j18021qCeRi3yUBtqd2UFj1c0RQ.jpg"
          movieId={429351}
          rating={4.8}
          releaseDate="2018-01-18"
          title="12 Strong"
/>,
        <Connect(Card)
          favorite={false}
          image="http://image.tmdb.org/t/p/original/rqoezyB51GfhiloOB5ZErg5HXas.jpg"
          movieId={384680}
          rating={6.4}
          releaseDate="2017-12-22"
          title="Hostiles"
/>,
        <Connect(Card)
          favorite={false}
          image="http://image.tmdb.org/t/p/original/AfybH6GbGFw1F9bcETe2yu25mIE.jpg"
          movieId={449443}
          rating={6.4}
          releaseDate="2018-01-18"
          title="Den of Thieves"
/>,
        <Connect(Card)
          favorite={false}
          image="http://image.tmdb.org/t/p/original/cx0LpfM6Drla8uzFfMT09uqKPRu.jpg"
          movieId={437557}
          rating={6.5}
          releaseDate="2018-03-30"
          title="Blockers"
/>,
        <Connect(Card)
          favorite={false}
          image="http://image.tmdb.org/t/p/original/h4XG3g6uMMPIBPjAoQhC2QIMdkl.jpg"
          movieId={446354}
          rating={7}
          releaseDate="2018-01-11"
          title="The Post"
/>,
        <Connect(Card)
          favorite={false}
          image="http://image.tmdb.org/t/p/original/zbvziwnZa91AJD78Si0hUb5JP5X.jpg"
          movieId={460019}
          rating={6.1}
          releaseDate="2018-04-12"
          title="Truth or Dare"
/>,
        <Connect(Card)
          favorite={false}
          image="http://image.tmdb.org/t/p/original/h9hUP5ZJGsjL2wbERrGlj4dMjZq.jpg"
          movieId={396371}
          rating={7}
          releaseDate="2017-12-21"
          title="Molly's Game"
/>,
        <Connect(Card)
          favorite={false}
          image="http://image.tmdb.org/t/p/original/v5HlmJK9bdeHxN2QhaFP1ivjX3U.jpg"
          movieId={268896}
          rating={5.9}
          releaseDate="2018-03-21"
          title="Pacific Rim: Uprising"
/>,
        <Connect(Card)
          favorite={false}
          image="http://image.tmdb.org/t/p/original/d3qcpfNwbAMCNqWDHzPQsUYiUgS.jpg"
          movieId={300668}
          rating={6.3}
          releaseDate="2018-02-22"
          title="Annihilation"
/>,
      ],
      "className": "movie-container",
    },
    "ref": null,
    "rendered": Array [
      Object {
        "instance": null,
        "key": "299536",
        "nodeType": "class",
        "props": Object {
          "favorite": false,
          "image": "http://image.tmdb.org/t/p/original/7WsyChQLEftFiDOVTGkv3hFpyyt.jpg",
          "movieId": 299536,
          "rating": 8.6,
          "releaseDate": "2018-04-25",
          "title": "Avengers: Infinity War",
        },
        "ref": null,
        "rendered": null,
        "type": [Function],
      },
      Object {
        "instance": null,
        "key": "427641",
        "nodeType": "class",
        "props": Object {
          "favorite": false,
          "image": "http://image.tmdb.org/t/p/original/30oXQKwibh0uANGMs0Sytw3uN22.jpg",
          "movieId": 427641,
          "rating": 5.9,
          "releaseDate": "2018-04-12",
          "title": "Rampage",
        },
        "ref": null,
        "rendered": null,
        "type": [Function],
      },
      Object {
        "instance": null,
        "key": "333339",
        "nodeType": "class",
        "props": Object {
          "favorite": false,
          "image": "http://image.tmdb.org/t/p/original/pU1ULUq8D3iRxl1fdX2lZIzdHuI.jpg",
          "movieId": 333339,
          "rating": 7.8,
          "releaseDate": "2018-03-28",
          "title": "Ready Player One",
        },
        "ref": null,
        "rendered": null,
        "type": [Function],
      },
      Object {
        "instance": null,
        "key": "445571",
        "nodeType": "class",
        "props": Object {
          "favorite": false,
          "image": "http://image.tmdb.org/t/p/original/85R8LMyn9f2Lev2YPBF8Nughrkv.jpg",
          "movieId": 445571,
          "rating": 7.1,
          "releaseDate": "2018-02-22",
          "title": "Game Night",
        },
        "ref": null,
        "rendered": null,
        "type": [Function],
      },
      Object {
        "instance": null,
        "key": "401981",
        "nodeType": "class",
        "props": Object {
          "favorite": false,
          "image": "http://image.tmdb.org/t/p/original/vLCogyfQGxVLDC1gqUdNAIkc29L.jpg",
          "movieId": 401981,
          "rating": 6.5,
          "releaseDate": "2018-03-01",
          "title": "Red Sparrow",
        },
        "ref": null,
        "rendered": null,
        "type": [Function],
      },
      Object {
        "instance": null,
        "key": "447332",
        "nodeType": "class",
        "props": Object {
          "favorite": false,
          "image": "http://image.tmdb.org/t/p/original/nAU74GmpUk7t5iklEp3bufwDq4n.jpg",
          "movieId": 447332,
          "rating": 7.3,
          "releaseDate": "2018-04-05",
          "title": "A Quiet Place",
        },
        "ref": null,
        "rendered": null,
        "type": [Function],
      },
      Object {
        "instance": null,
        "key": "399035",
        "nodeType": "class",
        "props": Object {
          "favorite": false,
          "image": "http://image.tmdb.org/t/p/original/rDeGK6FIUfVcXmuBdEORPAGPMNg.jpg",
          "movieId": 399035,
          "rating": 5.8,
          "releaseDate": "2018-01-11",
          "title": "The Commuter",
        },
        "ref": null,
        "rendered": null,
        "type": [Function],
      },
      Object {
        "instance": null,
        "key": "353486",
        "nodeType": "class",
        "props": Object {
          "favorite": false,
          "image": "http://image.tmdb.org/t/p/original/bXrZ5iHBEjH7WMidbUDQ0U2xbmr.jpg",
          "movieId": 353486,
          "rating": 6.6,
          "releaseDate": "2017-12-09",
          "title": "Jumanji: Welcome to the Jungle",
        },
        "ref": null,
        "rendered": null,
        "type": [Function],
      },
      Object {
        "instance": null,
        "key": "476926",
        "nodeType": "class",
        "props": Object {
          "favorite": false,
          "image": "http://image.tmdb.org/t/p/original/qRmQazyIBZR4pQIk9VruiZul0Au.jpg",
          "movieId": 476926,
          "rating": 5.5,
          "releaseDate": "2018-03-30",
          "title": "The Titan",
        },
        "ref": null,
        "rendered": null,
        "type": [Function],
      },
      Object {
        "instance": null,
        "key": "396806",
        "nodeType": "class",
        "props": Object {
          "favorite": false,
          "image": "http://image.tmdb.org/t/p/original/xhBTO9n3fxy3HJt7WlR9h9vvVmk.jpg",
          "movieId": 396806,
          "rating": 6,
          "releaseDate": "2018-05-03",
          "title": "Anon",
        },
        "ref": null,
        "rendered": null,
        "type": [Function],
      },
      Object {
        "instance": null,
        "key": "453201",
        "nodeType": "class",
        "props": Object {
          "favorite": false,
          "image": "http://image.tmdb.org/t/p/original/qxJQ0VBCuJkJhJmuWzxI408ngwd.jpg",
          "movieId": 453201,
          "rating": 5.1,
          "releaseDate": "2018-02-02",
          "title": "The 15:17 to Paris",
        },
        "ref": null,
        "rendered": null,
        "type": [Function],
      },
      Object {
        "instance": null,
        "key": "429351",
        "nodeType": "class",
        "props": Object {
          "favorite": false,
          "image": "http://image.tmdb.org/t/p/original/j18021qCeRi3yUBtqd2UFj1c0RQ.jpg",
          "movieId": 429351,
          "rating": 4.8,
          "releaseDate": "2018-01-18",
          "title": "12 Strong",
        },
        "ref": null,
        "rendered": null,
        "type": [Function],
      },
      Object {
        "instance": null,
        "key": "384680",
        "nodeType": "class",
        "props": Object {
          "favorite": false,
          "image": "http://image.tmdb.org/t/p/original/rqoezyB51GfhiloOB5ZErg5HXas.jpg",
          "movieId": 384680,
          "rating": 6.4,
          "releaseDate": "2017-12-22",
          "title": "Hostiles",
        },
        "ref": null,
        "rendered": null,
        "type": [Function],
      },
      Object {
        "instance": null,
        "key": "449443",
        "nodeType": "class",
        "props": Object {
          "favorite": false,
          "image": "http://image.tmdb.org/t/p/original/AfybH6GbGFw1F9bcETe2yu25mIE.jpg",
          "movieId": 449443,
          "rating": 6.4,
          "releaseDate": "2018-01-18",
          "title": "Den of Thieves",
        },
        "ref": null,
        "rendered": null,
        "type": [Function],
      },
      Object {
        "instance": null,
        "key": "437557",
        "nodeType": "class",
        "props": Object {
          "favorite": false,
          "image": "http://image.tmdb.org/t/p/original/cx0LpfM6Drla8uzFfMT09uqKPRu.jpg",
          "movieId": 437557,
          "rating": 6.5,
          "releaseDate": "2018-03-30",
          "title": "Blockers",
        },
        "ref": null,
        "rendered": null,
        "type": [Function],
      },
      Object {
        "instance": null,
        "key": "446354",
        "nodeType": "class",
        "props": Object {
          "favorite": false,
          "image": "http://image.tmdb.org/t/p/original/h4XG3g6uMMPIBPjAoQhC2QIMdkl.jpg",
          "movieId": 446354,
          "rating": 7,
          "releaseDate": "2018-01-11",
          "title": "The Post",
        },
        "ref": null,
        "rendered": null,
        "type": [Function],
      },
      Object {
        "instance": null,
        "key": "460019",
        "nodeType": "class",
        "props": Object {
          "favorite": false,
          "image": "http://image.tmdb.org/t/p/original/zbvziwnZa91AJD78Si0hUb5JP5X.jpg",
          "movieId": 460019,
          "rating": 6.1,
          "releaseDate": "2018-04-12",
          "title": "Truth or Dare",
        },
        "ref": null,
        "rendered": null,
        "type": [Function],
      },
      Object {
        "instance": null,
        "key": "396371",
        "nodeType": "class",
        "props": Object {
          "favorite": false,
          "image": "http://image.tmdb.org/t/p/original/h9hUP5ZJGsjL2wbERrGlj4dMjZq.jpg",
          "movieId": 396371,
          "rating": 7,
          "releaseDate": "2017-12-21",
          "title": "Molly's Game",
        },
        "ref": null,
        "rendered": null,
        "type": [Function],
      },
      Object {
        "instance": null,
        "key": "268896",
        "nodeType": "class",
        "props": Object {
          "favorite": false,
          "image": "http://image.tmdb.org/t/p/original/v5HlmJK9bdeHxN2QhaFP1ivjX3U.jpg",
          "movieId": 268896,
          "rating": 5.9,
          "releaseDate": "2018-03-21",
          "title": "Pacific Rim: Uprising",
        },
        "ref": null,
        "rendered": null,
        "type": [Function],
      },
      Object {
        "instance": null,
        "key": "300668",
        "nodeType": "class",
        "props": Object {
          "favorite": false,
          "image": "http://image.tmdb.org/t/p/original/d3qcpfNwbAMCNqWDHzPQsUYiUgS.jpg",
          "movieId": 300668,
          "rating": 6.3,
          "releaseDate": "2018-02-22",
          "title": "Annihilation",
        },
        "ref": null,
        "rendered": null,
        "type": [Function],
      },
    ],
    "type": "div",
  },
  Symbol(enzyme.__nodes__): Array [
    Object {
      "instance": null,
      "key": undefined,
      "nodeType": "host",
      "props": Object {
        "children": Array [
          <Connect(Card)
            favorite={false}
            image="http://image.tmdb.org/t/p/original/7WsyChQLEftFiDOVTGkv3hFpyyt.jpg"
            movieId={299536}
            rating={8.6}
            releaseDate="2018-04-25"
            title="Avengers: Infinity War"
/>,
          <Connect(Card)
            favorite={false}
            image="http://image.tmdb.org/t/p/original/30oXQKwibh0uANGMs0Sytw3uN22.jpg"
            movieId={427641}
            rating={5.9}
            releaseDate="2018-04-12"
            title="Rampage"
/>,
          <Connect(Card)
            favorite={false}
            image="http://image.tmdb.org/t/p/original/pU1ULUq8D3iRxl1fdX2lZIzdHuI.jpg"
            movieId={333339}
            rating={7.8}
            releaseDate="2018-03-28"
            title="Ready Player One"
/>,
          <Connect(Card)
            favorite={false}
            image="http://image.tmdb.org/t/p/original/85R8LMyn9f2Lev2YPBF8Nughrkv.jpg"
            movieId={445571}
            rating={7.1}
            releaseDate="2018-02-22"
            title="Game Night"
/>,
          <Connect(Card)
            favorite={false}
            image="http://image.tmdb.org/t/p/original/vLCogyfQGxVLDC1gqUdNAIkc29L.jpg"
            movieId={401981}
            rating={6.5}
            releaseDate="2018-03-01"
            title="Red Sparrow"
/>,
          <Connect(Card)
            favorite={false}
            image="http://image.tmdb.org/t/p/original/nAU74GmpUk7t5iklEp3bufwDq4n.jpg"
            movieId={447332}
            rating={7.3}
            releaseDate="2018-04-05"
            title="A Quiet Place"
/>,
          <Connect(Card)
            favorite={false}
            image="http://image.tmdb.org/t/p/original/rDeGK6FIUfVcXmuBdEORPAGPMNg.jpg"
            movieId={399035}
            rating={5.8}
            releaseDate="2018-01-11"
            title="The Commuter"
/>,
          <Connect(Card)
            favorite={false}
            image="http://image.tmdb.org/t/p/original/bXrZ5iHBEjH7WMidbUDQ0U2xbmr.jpg"
            movieId={353486}
            rating={6.6}
            releaseDate="2017-12-09"
            title="Jumanji: Welcome to the Jungle"
/>,
          <Connect(Card)
            favorite={false}
            image="http://image.tmdb.org/t/p/original/qRmQazyIBZR4pQIk9VruiZul0Au.jpg"
            movieId={476926}
            rating={5.5}
            releaseDate="2018-03-30"
            title="The Titan"
/>,
          <Connect(Card)
            favorite={false}
            image="http://image.tmdb.org/t/p/original/xhBTO9n3fxy3HJt7WlR9h9vvVmk.jpg"
            movieId={396806}
            rating={6}
            releaseDate="2018-05-03"
            title="Anon"
/>,
          <Connect(Card)
            favorite={false}
            image="http://image.tmdb.org/t/p/original/qxJQ0VBCuJkJhJmuWzxI408ngwd.jpg"
            movieId={453201}
            rating={5.1}
            releaseDate="2018-02-02"
            title="The 15:17 to Paris"
/>,
          <Connect(Card)
            favorite={false}
            image="http://image.tmdb.org/t/p/original/j18021qCeRi3yUBtqd2UFj1c0RQ.jpg"
            movieId={429351}
            rating={4.8}
            releaseDate="2018-01-18"
            title="12 Strong"
/>,
          <Connect(Card)
            favorite={false}
            image="http://image.tmdb.org/t/p/original/rqoezyB51GfhiloOB5ZErg5HXas.jpg"
            movieId={384680}
            rating={6.4}
            releaseDate="2017-12-22"
            title="Hostiles"
/>,
          <Connect(Card)
            favorite={false}
            image="http://image.tmdb.org/t/p/original/AfybH6GbGFw1F9bcETe2yu25mIE.jpg"
            movieId={449443}
            rating={6.4}
            releaseDate="2018-01-18"
            title="Den of Thieves"
/>,
          <Connect(Card)
            favorite={false}
            image="http://image.tmdb.org/t/p/original/cx0LpfM6Drla8uzFfMT09uqKPRu.jpg"
            movieId={437557}
            rating={6.5}
            releaseDate="2018-03-30"
            title="Blockers"
/>,
          <Connect(Card)
            favorite={false}
            image="http://image.tmdb.org/t/p/original/h4XG3g6uMMPIBPjAoQhC2QIMdkl.jpg"
            movieId={446354}
            rating={7}
            releaseDate="2018-01-11"
            title="The Post"
/>,
          <Connect(Card)
            favorite={false}
            image="http://image.tmdb.org/t/p/original/zbvziwnZa91AJD78Si0hUb5JP5X.jpg"
            movieId={460019}
            rating={6.1}
            releaseDate="2018-04-12"
            title="Truth or Dare"
/>,
          <Connect(Card)
            favorite={false}
            image="http://image.tmdb.org/t/p/original/h9hUP5ZJGsjL2wbERrGlj4dMjZq.jpg"
            movieId={396371}
            rating={7}
            releaseDate="2017-12-21"
            title="Molly's Game"
/>,
          <Connect(Card)
            favorite={false}
            image="http://image.tmdb.org/t/p/original/v5HlmJK9bdeHxN2QhaFP1ivjX3U.jpg"
            movieId={268896}
            rating={5.9}
            releaseDate="2018-03-21"
            title="Pacific Rim: Uprising"
/>,
          <Connect(Card)
            favorite={false}
            image="http://image.tmdb.org/t/p/original/d3qcpfNwbAMCNqWDHzPQsUYiUgS.jpg"
            movieId={300668}
            rating={6.3}
            releaseDate="2018-02-22"
            title="Annihilation"
/>,
        ],
        "className": "movie-container",
      },
      "ref": null,
      "rendered": Array [
        Object {
          "instance": null,
          "key": "299536",
          "nodeType": "class",
          "props": Object {
            "favorite": false,
            "image": "http://image.tmdb.org/t/p/original/7WsyChQLEftFiDOVTGkv3hFpyyt.jpg",
            "movieId": 299536,
            "rating": 8.6,
            "releaseDate": "2018-04-25",
            "title": "Avengers: Infinity War",
          },
          "ref": null,
          "rendered": null,
          "type": [Function],
        },
        Object {
          "instance": null,
          "key": "427641",
          "nodeType": "class",
          "props": Object {
            "favorite": false,
            "image": "http://image.tmdb.org/t/p/original/30oXQKwibh0uANGMs0Sytw3uN22.jpg",
            "movieId": 427641,
            "rating": 5.9,
            "releaseDate": "2018-04-12",
            "title": "Rampage",
          },
          "ref": null,
          "rendered": null,
          "type": [Function],
        },
        Object {
          "instance": null,
          "key": "333339",
          "nodeType": "class",
          "props": Object {
            "favorite": false,
            "image": "http://image.tmdb.org/t/p/original/pU1ULUq8D3iRxl1fdX2lZIzdHuI.jpg",
            "movieId": 333339,
            "rating": 7.8,
            "releaseDate": "2018-03-28",
            "title": "Ready Player One",
          },
          "ref": null,
          "rendered": null,
          "type": [Function],
        },
        Object {
          "instance": null,
          "key": "445571",
          "nodeType": "class",
          "props": Object {
            "favorite": false,
            "image": "http://image.tmdb.org/t/p/original/85R8LMyn9f2Lev2YPBF8Nughrkv.jpg",
            "movieId": 445571,
            "rating": 7.1,
            "releaseDate": "2018-02-22",
            "title": "Game Night",
          },
          "ref": null,
          "rendered": null,
          "type": [Function],
        },
        Object {
          "instance": null,
          "key": "401981",
          "nodeType": "class",
          "props": Object {
            "favorite": false,
            "image": "http://image.tmdb.org/t/p/original/vLCogyfQGxVLDC1gqUdNAIkc29L.jpg",
            "movieId": 401981,
            "rating": 6.5,
            "releaseDate": "2018-03-01",
            "title": "Red Sparrow",
          },
          "ref": null,
          "rendered": null,
          "type": [Function],
        },
        Object {
          "instance": null,
          "key": "447332",
          "nodeType": "class",
          "props": Object {
            "favorite": false,
            "image": "http://image.tmdb.org/t/p/original/nAU74GmpUk7t5iklEp3bufwDq4n.jpg",
            "movieId": 447332,
            "rating": 7.3,
            "releaseDate": "2018-04-05",
            "title": "A Quiet Place",
          },
          "ref": null,
          "rendered": null,
          "type": [Function],
        },
        Object {
          "instance": null,
          "key": "399035",
          "nodeType": "class",
          "props": Object {
            "favorite": false,
            "image": "http://image.tmdb.org/t/p/original/rDeGK6FIUfVcXmuBdEORPAGPMNg.jpg",
            "movieId": 399035,
            "rating": 5.8,
            "releaseDate": "2018-01-11",
            "title": "The Commuter",
          },
          "ref": null,
          "rendered": null,
          "type": [Function],
        },
        Object {
          "instance": null,
          "key": "353486",
          "nodeType": "class",
          "props": Object {
            "favorite": false,
            "image": "http://image.tmdb.org/t/p/original/bXrZ5iHBEjH7WMidbUDQ0U2xbmr.jpg",
            "movieId": 353486,
            "rating": 6.6,
            "releaseDate": "2017-12-09",
            "title": "Jumanji: Welcome to the Jungle",
          },
          "ref": null,
          "rendered": null,
          "type": [Function],
        },
        Object {
          "instance": null,
          "key": "476926",
          "nodeType": "class",
          "props": Object {
            "favorite": false,
            "image": "http://image.tmdb.org/t/p/original/qRmQazyIBZR4pQIk9VruiZul0Au.jpg",
            "movieId": 476926,
            "rating": 5.5,
            "releaseDate": "2018-03-30",
            "title": "The Titan",
          },
          "ref": null,
          "rendered": null,
          "type": [Function],
        },
        Object {
          "instance": null,
          "key": "396806",
          "nodeType": "class",
          "props": Object {
            "favorite": false,
            "image": "http://image.tmdb.org/t/p/original/xhBTO9n3fxy3HJt7WlR9h9vvVmk.jpg",
            "movieId": 396806,
            "rating": 6,
            "releaseDate": "2018-05-03",
            "title": "Anon",
          },
          "ref": null,
          "rendered": null,
          "type": [Function],
        },
        Object {
          "instance": null,
          "key": "453201",
          "nodeType": "class",
          "props": Object {
            "favorite": false,
            "image": "http://image.tmdb.org/t/p/original/qxJQ0VBCuJkJhJmuWzxI408ngwd.jpg",
            "movieId": 453201,
            "rating": 5.1,
            "releaseDate": "2018-02-02",
            "title": "The 15:17 to Paris",
          },
          "ref": null,
          "rendered": null,
          "type": [Function],
        },
        Object {
          "instance": null,
          "key": "429351",
          "nodeType": "class",
          "props": Object {
            "favorite": false,
            "image": "http://image.tmdb.org/t/p/original/j18021qCeRi3yUBtqd2UFj1c0RQ.jpg",
            "movieId": 429351,
            "rating": 4.8,
            "releaseDate": "2018-01-18",
            "title": "12 Strong",
          },
          "ref": null,
          "rendered": null,
          "type": [Function],
        },
        Object {
          "instance": null,
          "key": "384680",
          "nodeType": "class",
          "props": Object {
            "favorite": false,
            "image": "http://image.tmdb.org/t/p/original/rqoezyB51GfhiloOB5ZErg5HXas.jpg",
            "movieId": 384680,
            "rating": 6.4,
            "releaseDate": "2017-12-22",
            "title": "Hostiles",
          },
          "ref": null,
          "rendered": null,
          "type": [Function],
        },
        Object {
          "instance": null,
          "key": "449443",
          "nodeType": "class",
          "props": Object {
            "favorite": false,
            "image": "http://image.tmdb.org/t/p/original/AfybH6GbGFw1F9bcETe2yu25mIE.jpg",
            "movieId": 449443,
            "rating": 6.4,
            "releaseDate": "2018-01-18",
            "title": "Den of Thieves",
          },
          "ref": null,
          "rendered": null,
          "type": [Function],
        },
        Object {
          "instance": null,
          "key": "437557",
          "nodeType": "class",
          "props": Object {
            "favorite": false,
            "image": "http://image.tmdb.org/t/p/original/cx0LpfM6Drla8uzFfMT09uqKPRu.jpg",
            "movieId": 437557,
            "rating": 6.5,
            "releaseDate": "2018-03-30",
            "title": "Blockers",
          },
          "ref": null,
          "rendered": null,
          "type": [Function],
        },
        Object {
          "instance": null,
          "key": "446354",
          "nodeType": "class",
          "props": Object {
            "favorite": false,
            "image": "http://image.tmdb.org/t/p/original/h4XG3g6uMMPIBPjAoQhC2QIMdkl.jpg",
            "movieId": 446354,
            "rating": 7,
            "releaseDate": "2018-01-11",
            "title": "The Post",
          },
          "ref": null,
          "rendered": null,
          "type": [Function],
        },
        Object {
          "instance": null,
          "key": "460019",
          "nodeType": "class",
          "props": Object {
            "favorite": false,
            "image": "http://image.tmdb.org/t/p/original/zbvziwnZa91AJD78Si0hUb5JP5X.jpg",
            "movieId": 460019,
            "rating": 6.1,
            "releaseDate": "2018-04-12",
            "title": "Truth or Dare",
          },
          "ref": null,
          "rendered": null,
          "type": [Function],
        },
        Object {
          "instance": null,
          "key": "396371",
          "nodeType": "class",
          "props": Object {
            "favorite": false,
            "image": "http://image.tmdb.org/t/p/original/h9hUP5ZJGsjL2wbERrGlj4dMjZq.jpg",
            "movieId": 396371,
            "rating": 7,
            "releaseDate": "2017-12-21",
            "title": "Molly's Game",
          },
          "ref": null,
          "rendered": null,
          "type": [Function],
        },
        Object {
          "instance": null,
          "key": "268896",
          "nodeType": "class",
          "props": Object {
            "favorite": false,
            "image": "http://image.tmdb.org/t/p/original/v5HlmJK9bdeHxN2QhaFP1ivjX3U.jpg",
            "movieId": 268896,
            "rating": 5.9,
            "releaseDate": "2018-03-21",
            "title": "Pacific Rim: Uprising",
          },
          "ref": null,
          "rendered": null,
          "type": [Function],
        },
        Object {
          "instance": null,
          "key": "300668",
          "nodeType": "class",
          "props": Object {
            "favorite": false,
            "image": "http://image.tmdb.org/t/p/original/d3qcpfNwbAMCNqWDHzPQsUYiUgS.jpg",
            "movieId": 300668,
            "rating": 6.3,
            "releaseDate": "2018-02-22",
            "title": "Annihilation",
          },
          "ref": null,
          "rendered": null,
          "type": [Function],
        },
      ],
      "type": "div",
    },
  ],
  Symbol(enzyme.__options__): Object {
    "adapter": ReactSixteenAdapter {
      "options": Object {
        "enableComponentDidUpdateOnSetState": true,
      },
    },
  },
}
`;
